// Validating benchmarks:
//    * No exporters defined, results will not be persisted.

// ***** BenchmarkRunner: Start   *****
// ***** Found 5 benchmark(s) in total *****
// ***** Building 1 exe(s) in Parallel: Start   *****
// ***** Done, took 00:00:00 (0.01 sec)   *****
// Found 5 benchmarks:
//   DistanceMatrixBenchmark.Gpu: Job-JWQWGO(Toolchain=InProcessEmitToolchain) [PointsCount=100]
//   DistanceMatrixBenchmark.Gpu: Job-JWQWGO(Toolchain=InProcessEmitToolchain) [PointsCount=500]
//   DistanceMatrixBenchmark.Gpu: Job-JWQWGO(Toolchain=InProcessEmitToolchain) [PointsCount=1000]
//   DistanceMatrixBenchmark.Gpu: Job-JWQWGO(Toolchain=InProcessEmitToolchain) [PointsCount=10000]
//   DistanceMatrixBenchmark.Gpu: Job-JWQWGO(Toolchain=InProcessEmitToolchain) [PointsCount=20000]

// **************************
// Benchmark: DistanceMatrixBenchmark.Gpu: Job-JWQWGO(Toolchain=InProcessEmitToolchain) [PointsCount=100]
// *** Execute ***
// Launch: 1 / 1
// ! Failed to set up priority High for process System.Diagnostics.Process (Benchmarks). Make sure you have the right permissions. Message: Permission denied

// Benchmark Process Environment Information:
// BenchmarkDotNet v0.15.8
// Runtime=.NET 10.0.9 (10.0.9, 10.0.926.27113), Arm64 RyuJIT armv8.0-a DEBUG
// GC=Concurrent Workstation
// HardwareIntrinsics=ArmBase+AdvSimd,AES,CRC32,DP,RDM,SHA1,SHA256 VectorSize=128
// Job: Job-JWQWGO(Toolchain=InProcessEmitToolchain)

OverheadJitting  1: 1 op, 89792.00 ns, 89.7920 us/op
WorkloadJitting  1: 1 op, 3158375.00 ns, 3.1584 ms/op

OverheadJitting  2: 16 op, 291042.00 ns, 18.1901 us/op
WorkloadJitting  2: 16 op, 6797875.00 ns, 424.8672 us/op

WorkloadPilot    1: 16 op, 4377125.00 ns, 273.5703 us/op
WorkloadPilot    2: 32 op, 5640667.00 ns, 176.2708 us/op
WorkloadPilot    3: 64 op, 11261000.00 ns, 175.9531 us/op
WorkloadPilot    4: 128 op, 23213583.00 ns, 181.3561 us/op
WorkloadPilot    5: 256 op, 41073667.00 ns, 160.4440 us/op
WorkloadPilot    6: 512 op, 77985416.00 ns, 152.3153 us/op
WorkloadPilot    7: 1024 op, 151862750.00 ns, 148.3035 us/op
WorkloadPilot    8: 2048 op, 328175209.00 ns, 160.2418 us/op
WorkloadPilot    9: 4096 op, 618749000.00 ns, 151.0618 us/op

OverheadWarmup   1: 4096 op, 7875.00 ns, 1.9226 ns/op
OverheadWarmup   2: 4096 op, 6041.00 ns, 1.4749 ns/op
OverheadWarmup   3: 4096 op, 5959.00 ns, 1.4548 ns/op
OverheadWarmup   4: 4096 op, 6875.00 ns, 1.6785 ns/op
OverheadWarmup   5: 4096 op, 7125.00 ns, 1.7395 ns/op
OverheadWarmup   6: 4096 op, 6167.00 ns, 1.5056 ns/op
OverheadWarmup   7: 4096 op, 6458.00 ns, 1.5767 ns/op
OverheadWarmup   8: 4096 op, 6417.00 ns, 1.5667 ns/op

OverheadActual   1: 4096 op, 5542.00 ns, 1.3530 ns/op
OverheadActual   2: 4096 op, 6792.00 ns, 1.6582 ns/op
OverheadActual   3: 4096 op, 6334.00 ns, 1.5464 ns/op
OverheadActual   4: 4096 op, 6958.00 ns, 1.6987 ns/op
OverheadActual   5: 4096 op, 6583.00 ns, 1.6072 ns/op
OverheadActual   6: 4096 op, 6542.00 ns, 1.5972 ns/op
OverheadActual   7: 4096 op, 6125.00 ns, 1.4954 ns/op
OverheadActual   8: 4096 op, 6916.00 ns, 1.6885 ns/op
OverheadActual   9: 4096 op, 6833.00 ns, 1.6682 ns/op
OverheadActual  10: 4096 op, 7000.00 ns, 1.7090 ns/op
OverheadActual  11: 4096 op, 5833.00 ns, 1.4241 ns/op
OverheadActual  12: 4096 op, 6791.00 ns, 1.6580 ns/op
OverheadActual  13: 4096 op, 5541.00 ns, 1.3528 ns/op
OverheadActual  14: 4096 op, 5459.00 ns, 1.3328 ns/op
OverheadActual  15: 4096 op, 7625.00 ns, 1.8616 ns/op
OverheadActual  16: 4096 op, 5834.00 ns, 1.4243 ns/op
OverheadActual  17: 4096 op, 6833.00 ns, 1.6682 ns/op
OverheadActual  18: 4096 op, 6167.00 ns, 1.5056 ns/op
OverheadActual  19: 4096 op, 5542.00 ns, 1.3530 ns/op
OverheadActual  20: 4096 op, 5583.00 ns, 1.3630 ns/op

WorkloadWarmup   1: 4096 op, 660579958.00 ns, 161.2744 us/op
WorkloadWarmup   2: 4096 op, 671728708.00 ns, 163.9963 us/op
WorkloadWarmup   3: 4096 op, 631807125.00 ns, 154.2498 us/op
WorkloadWarmup   4: 4096 op, 623836458.00 ns, 152.3038 us/op
WorkloadWarmup   5: 4096 op, 616618875.00 ns, 150.5417 us/op
WorkloadWarmup   6: 4096 op, 615469459.00 ns, 150.2611 us/op
WorkloadWarmup   7: 4096 op, 615642500.00 ns, 150.3033 us/op
WorkloadWarmup   8: 4096 op, 618014000.00 ns, 150.8823 us/op
WorkloadWarmup   9: 4096 op, 617467417.00 ns, 150.7489 us/op

WorkloadActual   1: 4096 op, 614950000.00 ns, 150.1343 us/op
WorkloadActual   2: 4096 op, 609984500.00 ns, 148.9220 us/op
WorkloadActual   3: 4096 op, 611245958.00 ns, 149.2300 us/op
WorkloadActual   4: 4096 op, 611485875.00 ns, 149.2885 us/op
WorkloadActual   5: 4096 op, 610361500.00 ns, 149.0140 us/op
WorkloadActual   6: 4096 op, 611818958.00 ns, 149.3699 us/op
WorkloadActual   7: 4096 op, 624374125.00 ns, 152.4351 us/op
WorkloadActual   8: 4096 op, 604010709.00 ns, 147.4636 us/op
WorkloadActual   9: 4096 op, 605849666.00 ns, 147.9125 us/op
WorkloadActual  10: 4096 op, 603015666.00 ns, 147.2206 us/op
WorkloadActual  11: 4096 op, 601509292.00 ns, 146.8529 us/op
WorkloadActual  12: 4096 op, 614597209.00 ns, 150.0481 us/op
WorkloadActual  13: 4096 op, 606505708.00 ns, 148.0727 us/op
WorkloadActual  14: 4096 op, 601096250.00 ns, 146.7520 us/op
WorkloadActual  15: 4096 op, 601760000.00 ns, 146.9141 us/op

WorkloadResult   1: 4096 op, 614943562.00 ns, 150.1327 us/op
WorkloadResult   2: 4096 op, 609978062.00 ns, 148.9204 us/op
WorkloadResult   3: 4096 op, 611239520.00 ns, 149.2284 us/op
WorkloadResult   4: 4096 op, 611479437.00 ns, 149.2870 us/op
WorkloadResult   5: 4096 op, 610355062.00 ns, 149.0125 us/op
WorkloadResult   6: 4096 op, 611812520.00 ns, 149.3683 us/op
WorkloadResult   7: 4096 op, 604004271.00 ns, 147.4620 us/op
WorkloadResult   8: 4096 op, 605843228.00 ns, 147.9109 us/op
WorkloadResult   9: 4096 op, 603009228.00 ns, 147.2190 us/op
WorkloadResult  10: 4096 op, 601502854.00 ns, 146.8513 us/op
WorkloadResult  11: 4096 op, 614590771.00 ns, 150.0466 us/op
WorkloadResult  12: 4096 op, 606499270.00 ns, 148.0711 us/op
WorkloadResult  13: 4096 op, 601089812.00 ns, 146.7504 us/op
WorkloadResult  14: 4096 op, 601753562.00 ns, 146.9125 us/op
// GC:  19 0 0 164003840 4096
// Threading:  0 0 4096


Mean = 148.370 μs, StdErr = 0.321 μs (0.22%), N = 14, StdDev = 1.200 μs
Min = 146.750 μs, Q1 = 147.280 μs, Median = 148.496 μs, Q3 = 149.272 μs, Max = 150.133 μs
IQR = 1.993 μs, LowerFence = 144.291 μs, UpperFence = 152.261 μs
ConfidenceInterval = [147.016 μs; 149.723 μs] (CI 99.9%), Margin = 1.353 μs (0.91% of Mean)
Skewness = -0.01, Kurtosis = 1.35, MValue = 2

// ** Remained 4 (80,0%) benchmark(s) to run. Estimated finish 2026-09-27 18:58 (0h 1m from now) **
// **************************
// Benchmark: DistanceMatrixBenchmark.Gpu: Job-JWQWGO(Toolchain=InProcessEmitToolchain) [PointsCount=500]
// *** Execute ***
// Launch: 1 / 1
// ! Failed to set up priority High for process System.Diagnostics.Process (Benchmarks). Make sure you have the right permissions. Message: Permission denied

// Benchmark Process Environment Information:
// BenchmarkDotNet v0.15.8
// Runtime=.NET 10.0.9 (10.0.9, 10.0.926.27113), Arm64 RyuJIT armv8.0-a DEBUG
// GC=Concurrent Workstation
// HardwareIntrinsics=ArmBase+AdvSimd,AES,CRC32,DP,RDM,SHA1,SHA256 VectorSize=128
// Job: Job-JWQWGO(Toolchain=InProcessEmitToolchain)

OverheadJitting  1: 1 op, 255583.00 ns, 255.5830 us/op
WorkloadJitting  1: 1 op, 1476417.00 ns, 1.4764 ms/op

OverheadJitting  2: 16 op, 239292.00 ns, 14.9558 us/op
WorkloadJitting  2: 16 op, 6846708.00 ns, 427.9193 us/op

WorkloadPilot    1: 16 op, 5665958.00 ns, 354.1224 us/op
WorkloadPilot    2: 32 op, 10038041.00 ns, 313.6888 us/op
WorkloadPilot    3: 64 op, 21047709.00 ns, 328.8705 us/op
WorkloadPilot    4: 128 op, 38825959.00 ns, 303.3278 us/op
WorkloadPilot    5: 256 op, 78100458.00 ns, 305.0799 us/op
WorkloadPilot    6: 512 op, 222447084.00 ns, 434.4670 us/op
WorkloadPilot    7: 1024 op, 335104458.00 ns, 327.2504 us/op
WorkloadPilot    8: 2048 op, 655318416.00 ns, 319.9797 us/op

OverheadWarmup   1: 2048 op, 4542.00 ns, 2.2178 ns/op
OverheadWarmup   2: 2048 op, 3625.00 ns, 1.7700 ns/op
OverheadWarmup   3: 2048 op, 3417.00 ns, 1.6685 ns/op
OverheadWarmup   4: 2048 op, 3583.00 ns, 1.7495 ns/op
OverheadWarmup   5: 2048 op, 3292.00 ns, 1.6074 ns/op
OverheadWarmup   6