// Validating benchmarks:
// ***** BenchmarkRunner: Start   *****
// ***** Found 12 benchmark(s) in total *****
// ***** Building 1 exe(s) in Parallel: Start   *****
// start dotnet  restore --nodeReuse:false /p:UseSharedCompilation=false /p:Deterministic=true /p:Optimize=true /p:ArtifactsPath="/Users/quddi/CSharpProjects/CVRPTW/Benchmarks/bin/Release/net10.0/Benchmarks-Dry-1/" /p:OutDir="/Users/quddi/CSharpProjects/CVRPTW/Benchmarks/bin/Release/net10.0/Benchmarks-Dry-1/bin/Release/net10.0/" /p:OutputPath="/Users/quddi/CSharpProjects/CVRPTW/Benchmarks/bin/Release/net10.0/Benchmarks-Dry-1/bin/Release/net10.0/" /p:PublishDir="/Users/quddi/CSharpProjects/CVRPTW/Benchmarks/bin/Release/net10.0/Benchmarks-Dry-1/publish/" in /Users/quddi/CSharpProjects/CVRPTW/Benchmarks/bin/Release/net10.0/Benchmarks-Dry-1
// command took 0.66 sec and exited with 0
// start dotnet  build -c Release --no-restore --nodeReuse:false /p:UseSharedCompilation=false /p:Deterministic=true /p:Optimize=true /p:ArtifactsPath="/Users/quddi/CSharpProjects/CVRPTW/Benchmarks/bin/Release/net10.0/Benchmarks-Dry-1/" /p:OutDir="/Users/quddi/CSharpProjects/CVRPTW/Benchmarks/bin/Release/net10.0/Benchmarks-Dry-1/bin/Release/net10.0/" /p:OutputPath="/Users/quddi/CSharpProjects/CVRPTW/Benchmarks/bin/Release/net10.0/Benchmarks-Dry-1/bin/Release/net10.0/" /p:PublishDir="/Users/quddi/CSharpProjects/CVRPTW/Benchmarks/bin/Release/net10.0/Benchmarks-Dry-1/publish/" --output "/Users/quddi/CSharpProjects/CVRPTW/Benchmarks/bin/Release/net10.0/Benchmarks-Dry-1/bin/Release/net10.0/" in /Users/quddi/CSharpProjects/CVRPTW/Benchmarks/bin/Release/net10.0/Benchmarks-Dry-1
// command took 3.09 sec and exited with 0
// ***** Done, took 00:00:03 (3.78 sec)   *****
// Found 12 benchmarks:
//   DistanceMatrixBenchmark.CpuSequential: Dry(IterationCount=1, LaunchCount=1, RunStrategy=ColdStart, UnrollFactor=1, WarmupCount=1) [PointsCount=100]
//   DistanceMatrixBenchmark.CpuParallel: Dry(IterationCount=1, LaunchCount=1, RunStrategy=ColdStart, UnrollFactor=1, WarmupCount=1) [PointsCount=100]
//   DistanceMatrixBenchmark.Gpu: Dry(IterationCount=1, LaunchCount=1, RunStrategy=ColdStart, UnrollFactor=1, WarmupCount=1) [PointsCount=100]
//   DistanceMatrixBenchmark.Ilgpu: Dry(IterationCount=1, LaunchCount=1, RunStrategy=ColdStart, UnrollFactor=1, WarmupCount=1) [PointsCount=100]
//   DistanceMatrixBenchmark.CpuSequential: Dry(IterationCount=1, LaunchCount=1, RunStrategy=ColdStart, UnrollFactor=1, WarmupCount=1) [PointsCount=500]
//   DistanceMatrixBenchmark.CpuParallel: Dry(IterationCount=1, LaunchCount=1, RunStrategy=ColdStart, UnrollFactor=1, WarmupCount=1) [PointsCount=500]
//   DistanceMatrixBenchmark.Gpu: Dry(IterationCount=1, LaunchCount=1, RunStrategy=ColdStart, UnrollFactor=1, WarmupCount=1) [PointsCount=500]
//   DistanceMatrixBenchmark.Ilgpu: Dry(IterationCount=1, LaunchCount=1, RunStrategy=ColdStart, UnrollFactor=1, WarmupCount=1) [PointsCount=500]
//   DistanceMatrixBenchmark.CpuSequential: Dry(IterationCount=1, LaunchCount=1, RunStrategy=ColdStart, UnrollFactor=1, WarmupCount=1) [PointsCount=1000]
//   DistanceMatrixBenchmark.CpuParallel: Dry(IterationCount=1, LaunchCount=1, RunStrategy=ColdStart, UnrollFactor=1, WarmupCount=1) [PointsCount=1000]
//   DistanceMatrixBenchmark.Gpu: Dry(IterationCount=1, LaunchCount=1, RunStrategy=ColdStart, UnrollFactor=1, WarmupCount=1) [PointsCount=1000]
//   DistanceMatrixBenchmark.Ilgpu: Dry(IterationCount=1, LaunchCount=1, RunStrategy=ColdStart, UnrollFactor=1, WarmupCount=1) [PointsCount=1000]

// **************************
// Benchmark: DistanceMatrixBenchmark.CpuSequential: Dry(IterationCount=1, LaunchCount=1, RunStrategy=ColdStart, UnrollFactor=1, WarmupCount=1) [PointsCount=100]
// *** Execute ***
// Launch: 1 / 1
// Execute: dotnet Benchmarks-Dry-1.dll --anonymousPipes 133 134 --benchmarkName "Benchmarks.Cases.DistanceMatrixBenchmark.CpuSequential(PointsCount: 100)" --job Dry --benchmarkId 0 in /Users/quddi/CSharpProjects/CVRPTW/Benchmarks/bin/Release/net10.0/Benchmarks-Dry-1/bin/Release/net10.0
// Failed to set up high priority (Permission denied). In order to run benchmarks with high priority, make sure you have the right permissions.
// BeforeAnythingElse

// Benchmark Process Environment Information:
// BenchmarkDotNet v0.15.8
// Runtime=.NET 10.0.9 (10.0.9, 10.0.926.27113), Arm64 RyuJIT armv8.0-a
// GC=Concurrent Workstation
// HardwareIntrinsics=ArmBase+AdvSimd,AES,CRC32,DP,RDM,SHA1,SHA256 VectorSize=128
// Job: Dry(IterationCount=1, LaunchCount=1, RunStrategy=ColdStart, UnrollFactor=1, WarmupCount=1)

// BeforeActualRun
WorkloadActual   1: 1 op, 416708.00 ns, 416.7080 us/op

// AfterActualRun
WorkloadResult   1: 1 op, 416708.00 ns, 416.7080 us/op
// GC:  0 0 0 40080 1
// Threading:  0 0 1

// AfterAll
// Benchmark Process 2137 has exited with code 0.

Mean = 416.708 μs, StdErr = 0.000 μs (0.00%), N = 1, StdDev = 0.000 μs
Min = 416.708 μs, Q1 = 416.708 μs, Median = 416.708 μs, Q3 = 416.708 μs, Max = 416.708 μs
IQR = 0.000 μs, LowerFence = 416.708 μs, UpperFence = 416.708 μs
ConfidenceInterval = [NaN μs; NaN μs] (CI 99.9%), Margin = NaN μs (NaN% of Mean)
Skewness = NaN, Kurtosis = NaN, MValue = 2

// ** Remained 11 (91,7%) benchmark(s) to run. Estimated finish 2026-09-27 18:39 (0h 0m from now) **
// **************************
// Benchmark: DistanceMatrixBenchmark.CpuParallel: Dry(IterationCount=1, LaunchCount=1, RunStrategy=ColdStart, UnrollFactor=1, WarmupCount=1) [PointsCount=100]
// *** Execute ***
// Launch: 1 / 1
// Execute: dotnet Benchmarks-Dry-1.dll --anonymousPipes 133 134 --benchmarkName "Benchmarks.Cases.DistanceMatrixBenchmark.CpuParallel(PointsCount: 100)" --job Dry --benchmarkId 1 in /Users/quddi/CSharpProjects/CVRPTW/Benchmarks/bin/Release/net10.0/Benchmarks-Dry-1/bin/Release/net10.0
// Failed to set up high priority (Permission denied). In order to run benchmarks with high priority, make sure you have the right permissions.
// BeforeAnythingElse

// Benchmark Process Environment Information:
// BenchmarkDotNet v0.15.8
// Runtime=.NET 10.0.9 (10.0.9, 10.0.926.27113), Arm64 RyuJIT armv8.0-a
// GC=Concurrent Workstation
// HardwareIntrinsics=ArmBase+AdvSimd,AES,CRC32,DP,RDM,SHA1,SHA256 VectorSize=128
// Job: Dry(IterationCount=1, LaunchCount=1, RunStrategy=ColdStart, UnrollFactor=1, WarmupCount=1)

// BeforeActualRun
WorkloadActual   1: 1 op, 631125.00 ns, 631.1250 us/op

// AfterActualRun
WorkloadResult   1: 1 op, 631125.00 ns, 631.1250 us/op
// GC:  0 0 0 43384 1
// Threading:  4 0 1

// AfterAll
// Benchmark Process 2139 has exited with code 0.

Mean = 631.125 μs, StdErr = 0.000 μs (0.00%), N = 1, StdDev = 0.000 μs
Min = 631.125 μs, Q1 = 631.125 μs, Median = 631.125 μs, Q3 = 631.125 μs, Max = 631.125 μs
IQR = 0.000 μs, LowerFence = 631.125 μs, UpperFence = 631.125 μs
ConfidenceInterval = [NaN μs; NaN μs] (CI 99.9%), Margin = NaN μs (NaN% of Mean)
Skewness = NaN, Kurtosis = NaN, MValue = 2

// ** Remained 10 (83,3%) benchmark(s) to run. Estimated finish 2026-09-27 18:39 (0h 0m from now) **
// **************************
// Benchmark: DistanceMatrixBenchmark.Gpu: Dry(IterationCount=1, LaunchCount=1, RunStrategy=ColdStart, UnrollFactor=1, WarmupCount=1) [PointsCount=100]
// *** Execute ***
// Launch: 1 / 1
// Execute: dotnet Benchmarks-Dry-1.dll --anonymousPipes 133 134 --benchmarkName "Benchmarks.Cases.DistanceMatrixBenchmark.Gpu(PointsCount: 100)" --job Dry --benchmarkId 2 in /Users/quddi/CSharpProjects/CVRPTW/Benchmarks/bin/Release/net10.0/Benchmarks-Dry-1/bin/Release/net10.0
// Failed to set up high priority (Permission denied). In order to run benchmarks with high priority, make sure you have the right permissions.
// BeforeAnythingElse

// Benchmark Process Environment Information:
// BenchmarkDotNet v0.15.8
// Runtime=.NET 10.0.9 (10.0.9, 10.0.926.27113), Arm64 RyuJIT armv8.0-a
// GC=Concurrent Workstation
// HardwareIntrinsics=ArmBase+AdvSimd,AES,CRC32,DP,RDM,SHA1,SHA256 VectorSize=128
// Job: Dry(IterationCount=1, LaunchCount=1, RunStrategy=ColdStart, UnrollFactor=1, WarmupCount=1)

// BeforeActualRun
WorkloadActual   1: 1 op, 2635375.00 ns, 2.6354 ms/op

// AfterActualRun
WorkloadResult   1: 1 op, 2635375.00 ns, 2.6354 ms/op
// GC:  0 0 0 40040 1
// Threading:  0 0 1

// AfterAll
// Benchmark Process 2140 has exited with code 0.

Mean = 2.635 ms, StdErr = 0.000 ms (0.00%), N = 1, StdDev = 0.000 ms
Min = 2.635 ms, Q1 = 2.635 ms, Median = 2.635 ms, Q3 = 2.635 ms, Max = 2.635 ms
IQR = 0.000 ms, LowerFence = 2.635 ms, UpperFence = 2.635 ms
ConfidenceInterval = [NaN ms; NaN ms] (CI 99.9%), Margin = NaN ms (NaN% of Mean)
Skewness = NaN, Kurtosis = NaN, MValue = 2

// ** Remained 9 (75,0%) benchmark(s) to run. Estimated finish 2026-09-27 18:39 (0h 0m from now) **
// **************************
// Benchmark: DistanceMatrixBenchmark.Ilgpu: Dry(IterationCount=1, LaunchCount=1, RunStrategy=ColdStart, UnrollFactor=1, WarmupCount=1) [PointsCount=100]
// *** Execute ***
// Launch: 1 / 1
// Execute: dotnet Benchmarks-Dry-1.dll --anonymousPipes 133 134 --benchmarkName "Benchmarks.Cases.DistanceMatrixBenchmark.Ilgpu(PointsCount: 100)" --job Dry --benchmarkId 3 in /Users/quddi/CSharpProjects/CVRPTW/Benchmarks/bin/Release/net10.0/Benchmarks-Dry-1/bin/Release/net10.0
// Failed to set up high priority (Permission denied). In order to run benchmarks with high priority, make sure you have the right permissions.
// BeforeAnythingElse

// Benchmark Process Environment Information:
// BenchmarkDotNet v0.15.8
// Runtime=.NET 10.0.9 (10.0.9, 10.0.926.27113), Arm64 RyuJIT armv8.0-a
// GC=Concurrent Workstation
// HardwareIntrinsics=ArmBase+AdvSimd,AES,CRC32,DP,RDM,SHA1,SHA256 VectorSize=128
// Job: Dry(IterationCount=1, LaunchCount=1, RunStrategy=ColdStart, UnrollFactor=1, WarmupCount=1)

// BeforeActualRun
WorkloadActual   1: 1 op, 7880875.00 ns, 7.8809 ms/op

// AfterActualRun
WorkloadResult   1: 1 op, 7880875.00 ns, 7.8809 ms/op
// GC:  0 0 0 40816 1
// Threading:  0 39 1

// AfterAll
// Benchmark Process 2141 has exited with code 0.

Mean = 7.881 ms, StdErr = 0.000 ms (0.00%), N = 1, StdDev = 0.000 ms
Min = 7.881 ms, Q1 = 7.881 ms, Median = 7.881 ms, Q3 = 7.881 ms, Max = 7.881 ms
IQR = 0.000 ms, LowerFence = 7.881 ms, UpperFence = 7.881 ms
ConfidenceInterval = [NaN ms; NaN ms] (CI 99.9%), Margin = NaN ms (NaN% of Mean)
Skewness = NaN, Kurtosis = NaN, MValue = 2

// ** Remained 8 (66,7%) benchmark(s) to run. Estimated finish 2026-09-27 18:39 (0h 0m from now) **
// **************************
// Benchmark: DistanceMatrixBenchmark.CpuSequential: Dry(IterationCount=1, LaunchCount=1, RunStrategy=ColdStart, UnrollFactor=1, WarmupCount=1) [PointsCount=500]
// *** Execute ***
// Launch: 1 / 1
// Execute: dotnet Benchmarks-Dry-1.dll --anonymousPipes 133 134 --benchmarkName "Benchmarks.Cases.DistanceMatrixBenchmark.CpuSequential(PointsCount: 500)" --job Dry --benchmarkId 4 in /Users/quddi/CSharpProjects/CVRPTW/Benchmarks/bin/Release/net10.0/Benchmarks-Dry-1/bin/Release/net10.0
// Failed to set up high priority (Permission denied). In order to run benchmarks with high priority, make sure you have the right permissions.
// BeforeAnythingElse

// Benchmark Process Environment Information:
// BenchmarkDotNet v0.15.8
// Runtime=.NET 10.0.9 (10.0.9, 10.0.926.27113), Arm64 RyuJIT armv8.0-a
// GC=Concurrent Workstation
// HardwareIntrinsics=ArmBase+AdvSimd,AES,CRC32,DP,RDM,SHA1,SHA256 VectorSize=128
// Job: Dry(IterationCount=1, LaunchCount=1, RunStrategy=ColdStart, UnrollFactor=1, WarmupCount=1)

// BeforeActualRun
WorkloadActual   1: 1 op, 999000.00 ns, 999.0000 us/op

// AfterActualRun
WorkloadResult   1: 1 op, 999000.00 ns, 999.0000 us/op
// GC:  0 0 0 1000080 1
// Threading:  0 0 1

// AfterAll
// Benchmark Process 2142 has exited with code 0.

Mean = 999.000 μs, StdErr = 0.000 μs (0.00%), N = 1, StdDev = 0.000 μs
Min = 999.000 μs, Q1 = 999.000 μs, Median = 999.000 μs, Q3 = 999.000 μs, Max = 999.000 μs
IQR = 0.000 μs, LowerFence = 999.000 μs, UpperFence = 999.000 μs
ConfidenceInterval = [NaN μs; NaN μs] (CI 99.9%), Margin = NaN μs (NaN% of Mean)
Skewness = NaN, Kurtosis = NaN, MValue = 2

// ** Remained 7 (58,3%) benchmark(s) to run. Estimated finish 2026-09-27 18:39 (0h 0m from now) **
// **************************
// Benchmark: DistanceMatrixBenchmark.CpuParallel: Dry(IterationCount=1, LaunchCount=1, RunStrategy=ColdStart, UnrollFactor=1, WarmupCount=1) [PointsCount=500]
// *** Execute ***
// Launch: 1 / 1
// Execute: dotnet Benchmarks-Dry-1.dll --anonymousPipes 133 134 --benchmarkName "Benchmarks.Cases.DistanceMatrixBenchmark.CpuParallel(PointsCount: 500)" --job Dry --benchmarkId 5 in /Users/quddi/CSharpProjects/CVRPTW/Benchmarks/bin/Release/net10.0/Benchmarks-Dry-1/bin/Release/net10.0
// Failed to set up high priority (Permission denied). In order to run benchmarks with high priority, make sure you have the right permissions.
// BeforeAnythingElse

// Benchmark Process Environment Information:
// BenchmarkDotNet v0.15.8
// Runtime=.NET 10.0.9 (10.0.9, 10.0.926.27113), Arm64 RyuJIT armv8.0-a
// GC=Concurrent Workstation
// HardwareIntrinsics=ArmBase+AdvSimd,AES,CRC32,DP,RDM,SHA1,SHA256 VectorSize=128
// Job: Dry(IterationCount=1, LaunchCount=1, RunStrategy=ColdStart, UnrollFactor=1, WarmupCount=1)

// BeforeActualRun
WorkloadActual   1: 1 op, 1494208.00 ns, 1.4942 ms/op

// AfterActualRun
WorkloadResult   1: 1 op, 1494208.00 ns, 1.4942 ms/op
// GC:  0 0 0 1003968 1
// Threading:  8 0 1

// AfterAll
// Benchmark Process 2143 has exited with code 0.

Mean = 1.494 ms, StdErr = 0.000 ms (0.00%), N = 1, StdDev = 0.000 ms
Min = 1.494 ms, Q1 = 1.494 ms, Median = 1.494 ms, Q3 = 1.494 ms, Max = 1.494 ms
IQR = 0.000 ms, LowerFence = 1.494 ms, UpperFence = 1.494 ms
ConfidenceInterval = [NaN ms; NaN ms] (CI 99.9%), Margin = NaN ms (NaN% of Mean)
Skewness = NaN, Kurtosis = NaN, MValue = 2

// ** Remained 6 (50,0%) benchmark(s) to run. Estimated finish 2026-09-27 18:39 (0h 0m from now) **
// **************************
// Benchmark: DistanceMatrixBenchmark.Gpu: Dry(IterationCount=1, LaunchCount=1, RunStrategy=ColdStart, UnrollFactor=1, WarmupCount=1) [PointsCount=500]
// *** Execute ***
// Launch: 1 / 1
// Execute: dotnet Benchmarks-Dry-1.dll --anonymousPipes 133 134 --benchmarkName "Benchmarks.Cases.DistanceMatrixBenchmark.Gpu(PointsCount: 500)" --job Dry --benchmarkId 6 in /Users/quddi/CSharpProjects/CVRPTW/Benchmarks/bin/Release/net10.0/Benchmarks-Dry-1/bin/Release/net10.0
// Failed to set up high priority (Permission denied). In order to run benchmarks with high priority, make sure you have the right permissions.
// BeforeAnythingElse

// Benchmark Process Environment Information:
// BenchmarkDotNet v0.15.8
// Runtime=.NET 10.0.9 (10.0.9, 10.0.926.27113), Arm64 RyuJIT armv8.0-a
// GC=Concurrent Workstation
// HardwareIntrinsics=ArmBase+AdvSimd,AES,CRC32,DP,RDM,SHA1,SHA256 VectorSize=128
// Job: Dry(IterationCount=1, LaunchCount=1, RunStrategy=ColdStart, UnrollFactor=1, WarmupCount=1)

// BeforeActualRun
WorkloadActual   1: 1 op, 2757125.00 ns, 2.7571 ms/op

// AfterActualRun
WorkloadResult   1: 1 op, 2757125.00 ns, 2.7571 ms/op
// GC:  0 0 0 1000040 1
// Threading:  0 0 1

// AfterAll
// Benchmark Process 2144 has exited with code 0.

Mean = 2.757 ms, StdErr = 0.000 ms (0.00%), N = 1, StdDev = 0.000 ms
Min = 2.757 ms, Q1 = 2.757 ms, Median = 2.757 ms, Q3 = 2.757 ms, Max = 2.757 ms
IQR = 0.000 ms, LowerFence = 2.757 ms, UpperFence = 2.757 ms
ConfidenceInterval = [NaN ms; NaN ms] (CI 99.9%), Margin = NaN ms (NaN% of Mean)
Skewness = NaN, Kurtosis = NaN, MValue = 2

// ** Remained 5 (41,7%) benchmark(s) to run. Estimated finish 2026-09-27 18:39 (0h 0m from now) **
// **************************
// Benchmark: DistanceMatrixBenchmark.Ilgpu: Dry(IterationCount=1, LaunchCount=1, RunStrategy=ColdStart, UnrollFactor=1, WarmupCount=1) [PointsCount=500]
// *** Execute ***
// Launch: 1 / 1
// Execute: dotnet Benchmarks-Dry-1.dll --anonymousPipes 133 134 --benchmarkName "Benchmarks.Cases.DistanceMatrixBenchmark.Ilgpu(PointsCount: 500)" --job Dry --benchmarkId 7 in /Users/quddi/CSharpProjects/CVRPTW/Benchmarks/bin/Release/net10.0/Benchmarks-Dry-1/bin/Release/net10.0
// Failed to set up high priority (Permission denied). In order to run benchmarks with high priority, make sure you have the right permissions.
// BeforeAnythingElse

// Benchmark Process Environment Information:
// BenchmarkDotNet v0.15.8
// Runtime=.NET 10.0.9 (10.0.9, 10.0.926.27113), Arm64 RyuJIT armv8.0-a
// GC=Concurrent Workstation
// HardwareIntrinsics=ArmBase+AdvSimd,AES,CRC32,DP,RDM,SHA1,SHA256 VectorSize=128
// Job: Dry(IterationCount=1, LaunchCount=1, RunStrategy=ColdStart, UnrollFactor=1, WarmupCount=1)

// BeforeActualRun
WorkloadActual   1: 1 op, 35437041.00 ns, 35.4370 ms/op

// AfterActualRun
WorkloadResult   1: 1 op, 35437041.00 ns, 35.4370 ms/op
// GC:  0 0 0 1000792 1
// Threading:  0 39 1

// AfterAll
// Benchmark Process 2145 has exited with code 0.

Mean = 35.437 ms, StdErr = 0.000 ms (0.00%), N = 1, StdDev = 0.000 ms
Min = 35.437 ms, Q1 = 35.437 ms, Median = 35.437 ms, Q3 = 35.437 ms, Max = 35.437 ms
IQR = 0.000 ms, LowerFence = 35.437 ms, UpperFence = 35.437 ms
ConfidenceInterval = [NaN ms; NaN ms] (CI 99.9%), Margin = NaN ms (NaN% of Mean)
Skewness = NaN, Kurtosis = NaN, MValue = 2

// ** Remained 4 (33,3%) benchmark(s) to run. Estimated finish 2026-09-27 18:39 (0h 0m from now) **
// **************************
// Benchmark: DistanceMatrixBenchmark.CpuSequential: Dry(IterationCount=1, LaunchCount=1, RunStrategy=ColdStart, UnrollFactor=1, WarmupCount=1) [PointsCount=1000]
// *** Execute ***
// Launch: 1 / 1
// Execute: dotnet Benchmarks-Dry-1.dll --anonymousPipes 133 134 --benchmarkName "Benchmarks.Cases.DistanceMatrixBenchmark.CpuSequential(PointsCount: 1000)" --job Dry --benchmarkId 8 in /Users/quddi/CSharpProjects/CVRPTW/Benchmarks/bin/Release/net10.0/Benchmarks-Dry-1/bin/Release/net10.0
// Failed to set up high priority (Permission denied). In order to run benchmarks with high priority, make sure you have the right permissions.
// BeforeAnythingElse

// Benchmark Process Environment Information:
// BenchmarkDotNet v0.15.8
// Runtime=.NET 10.0.9 (10.0.9, 10.0.926.27113), Arm64 RyuJIT armv8.0-a
// GC=Concurrent Workstation
// HardwareIntrinsics=ArmBase+AdvSimd,AES,CRC32,DP,RDM,SHA1,SHA256 VectorSize=128
// Job: Dry(IterationCount=1, LaunchCount=1, RunStrategy=ColdStart, UnrollFactor=1, WarmupCount=1)

// BeforeActualRun
WorkloadActual   1: 1 op, 1583250.00 ns, 1.5833 ms/op

// AfterActualRun
WorkloadResult   1: 1 op, 1583250.00 ns, 1.5833 ms/op
// GC:  0 0 0 4000080 1
// Threading:  0 0 1

// AfterAll
// Benchmark Process 2146 has exited with code 0.

Mean = 1.583 ms, StdErr = 0.000 ms (0.00%), N = 1, StdDev = 0.000 ms
Min = 1.583 ms, Q1 = 1.583 ms, Median = 1.583 ms, Q3 = 1.583 ms, Max = 1.583 ms
IQR = 0.000 ms, LowerFence = 1.583 ms, UpperFence = 1.583 ms
ConfidenceInterval = [NaN ms; NaN ms] (CI 99.9%), Margin = NaN ms (NaN% of Mean)
Skewness = NaN, Kurtosis = NaN, MValue = 2

// ** Remained 3 (25,0%) benchmark(s) to run. Estimated finish 2026-09-27 18:39 (0h 0m from now) **
// **************************
// Benchmark: DistanceMatrixBenchmark.CpuParallel: Dry(IterationCount=1, LaunchCount=1, RunStrategy=ColdStart, UnrollFactor=1, WarmupCount=1) [PointsCount=1000]
// *** Execute ***
// Launch: 1 / 1
// Execute: dotnet Benchmarks-Dry-1.dll --anonymousPipes 133 134 --benchmarkName "Benchmarks.Cases.DistanceMatrixBenchmark.CpuParallel(PointsCount: 1000)" --job Dry --benchmarkId 9 in /Users/quddi/CSharpProjects/CVRPTW/Benchmarks/bin/Release/net10.0/Benchmarks-Dry-1/bin/Release/net10.0
// Failed to set up high priority (Permission denied). In order to run benchmarks with high priority, make sure you have the right permissions.
// BeforeAnythingElse

// Benchmark Process Environment Information:
// BenchmarkDotNet v0.15.8
// Runtime=.NET 10.0.9 (10.0.9, 10.0.926.27113), Arm64 RyuJIT armv8.0-a
// GC=Concurrent Workstation
// HardwareIntrinsics=ArmBase+AdvSimd,AES,CRC32,DP,RDM,SHA1,SHA256 VectorSize=128
// Job: Dry(IterationCount=1, LaunchCount=1, RunStrategy=ColdStart, UnrollFactor=1, WarmupCount=1)

// BeforeActualRun
WorkloadActual   1: 1 op, 2353041.00 ns, 2.3530 ms/op

// AfterActualRun
WorkloadResult   1: 1 op, 2353041.00 ns, 2.3530 ms/op
// GC:  0 0 0 4005456 1
// Threading:  17 0 1

// AfterAll
// Benchmark Process 2147 has exited with code 0.

Mean = 2.353 ms, StdErr = 0.000 ms (0.00%), N = 1, StdDev = 0.000 ms
Min = 2.353 ms, Q1 = 2.353 ms, Median = 2.353 ms, Q3 = 2.353 ms, Max = 2.353 ms
IQR = 0.000 ms, LowerFence = 2.353 ms, UpperFence = 2.353 ms
ConfidenceInterval = [NaN ms; NaN ms] (CI 99.9%), Margin = NaN ms (NaN% of Mean)
Skewness = NaN, Kurtosis = NaN, MValue = 2

// ** Remained 2 (16,7%) benchmark(s) to run. Estimated finish 2026-09-27 18:39 (0h 0m from now) **
// **************************
// Benchmark: DistanceMatrixBenchmark.Gpu: Dry(IterationCount=1, LaunchCount=1, RunStrategy=ColdStart, UnrollFactor=1, WarmupCount=1) [PointsCount=1000]
// *** Execute ***
// Launch: 1 / 1
// Execute: dotnet Benchmarks-Dry-1.dll --anonymousPipes 133 134 --benchmarkName "Benchmarks.Cases.DistanceMatrixBenchmark.Gpu(PointsCount: 1000)" --job Dry --benchmarkId 10 in /Users/quddi/CSharpProjects/CVRPTW/Benchmarks/bin/Release/net10.0/Benchmarks-Dry-1/bin/Release/net10.0
// Failed to set up high priority (Permission denied). In order to run benchmarks with high priority, make sure you have the right permissions.
// BeforeAnythingElse

// Benchmark Process Environment Information:
// BenchmarkDotNet v0.15.8
// Runtime=.NET 10.0.9 (10.0.9, 10.0.926.27113), Arm64 RyuJIT armv8.0-a
// GC=Concurrent Workstation
// HardwareIntrinsics=ArmBase+AdvSimd,AES,CRC32,DP,RDM,SHA1,SHA256 VectorSize=128
// Job: Dry(IterationCount=1, LaunchCount=1, RunStrategy=ColdStart, UnrollFactor=1, WarmupCount=1)

// BeforeActualRun
WorkloadActual   1: 1 op, 5493875.00 ns, 5.4939 ms/op

// AfterActualRun
WorkloadResult   1: 1 op, 5493875.00 ns, 5.4939 ms/op
// GC:  0 0 0 4000040 1
// Threading:  0 0 1

// AfterAll
// Benchmark Process 2148 has exited with code 0.

Mean = 5.494 ms, StdErr = 0.000 ms (0.00%), N = 1, StdDev = 0.000 ms
Min = 5.494 ms, Q1 = 5.494 ms, Median = 5.494 ms, Q3 = 5.494 ms, Max = 5.494 ms
IQR = 0.000 ms, LowerFence = 5.494 ms, UpperFence = 5.494 ms
ConfidenceInterval = [NaN ms; NaN ms] (CI 99.9%), Margin = NaN ms (NaN% of Mean)
Skewness = NaN, Kurtosis = NaN, MValue = 2

// ** Remained 1 (8,3%) benchmark(s) to run. Estimated finish 2026-09-27 18:39 (0h 0m from now) **
// **************************
// Benchmark: DistanceMatrixBenchmark.Ilgpu: Dry(IterationCount=1, LaunchCount=1, RunStrategy=ColdStart, UnrollFactor=1, WarmupCount=1) [PointsCount=1000]
// *** Execute ***
// Launch: 1 / 1
// Execute: dotnet Benchmarks-Dry-1.dll --anonymousPipes 133 134 --benchmarkName "Benchmarks.Cases.DistanceMatrixBenchmark.Ilgpu(PointsCount: 1000)" --job Dry --benchmarkId 11 in /Users/quddi/CSharpProjects/CVRPTW/Benchmarks/bin/Release/net10.0/Benchmarks-Dry-1/bin/Release/net10.0
// Failed to set up high priority (Permission denied). In order to run benchmarks with high priority, make sure you have the right permissions.
// BeforeAnythingElse

// Benchmark Process Environment Information:
// BenchmarkDotNet v0.15.8
// Runtime=.NET 10.0.9 (10.0.9, 10.0.926.27113), Arm64 RyuJIT armv8.0-a
// GC=Concurrent Workstation
// HardwareIntrinsics=ArmBase+AdvSimd,AES,CRC32,DP,RDM,SHA1,SHA256 VectorSize=128
// Job: Dry(IterationCount=1, LaunchCount=1, RunStrategy=ColdStart, UnrollFactor=1, WarmupCount=1)

// BeforeActualRun
WorkloadActual   1: 1 op, 109984125.00 ns, 109.9841 ms/op

// AfterActualRun
WorkloadResult   1: 1 op, 109984125.00 ns, 109.9841 ms/op
// GC:  0 0 0 4000792 1
// Threading:  0 72 1

// AfterAll
// Benchmark Process 2149 has exited with code 0.

Mean = 109.984 ms, StdErr = 0.000 ms (0.00%), N = 1, StdDev = 0.000 ms
Min = 109.984 ms, Q1 = 109.984 ms, Median = 109.984 ms, Q3 = 109.984 ms, Max = 109.984 ms
IQR = 0.000 ms, LowerFence = 109.984 ms, UpperFence = 109.984 ms
ConfidenceInterval = [NaN ms; NaN ms] (CI 99.9%), Margin = NaN ms (NaN% of Mean)
Skewness = NaN, Kurtosis = NaN, MValue = 2

// ** Remained 0 (0,0%) benchmark(s) to run. Estimated finish 2026-09-27 18:39 (0h 0m from now) **
// ***** BenchmarkRunner: Finish  *****

// * Export *
  BenchmarkDotNet.Artifacts/results/Benchmarks.Cases.DistanceMatrixBenchmark-report.csv
  BenchmarkDotNet.Artifacts/results/Benchmarks.Cases.DistanceMatrixBenchmark-report-github.md
  BenchmarkDotNet.Artifacts/results/Benchmarks.Cases.DistanceMatrixBenchmark-report.html

// * Detailed results *
DistanceMatrixBenchmark.CpuSequential: Dry(IterationCount=1, LaunchCount=1, RunStrategy=ColdStart, UnrollFactor=1, WarmupCount=1) [PointsCount=100]
Runtime = .NET 10.0.9 (10.0.9, 10.0.926.27113), Arm64 RyuJIT armv8.0-a; GC = Concurrent Workstation
Mean = 416.708 μs, StdErr = 0.000 μs (0.00%), N = 1, StdDev = 0.000 μs
Min = 416.708 μs, Q1 = 416.708 μs, Median = 416.708 μs, Q3 = 416.708 μs, Max = 416.708 μs
IQR = 0.000 μs, LowerFence = 416.708 μs, UpperFence = 416.708 μs
ConfidenceInterval = [NaN μs; NaN μs] (CI 99.9%), Margin = NaN μs (NaN% of Mean)
Skewness = NaN, Kurtosis = NaN, MValue = 2
-------------------- Histogram --------------------
[416.707 μs ; 416.709 μs) | @
---------------------------------------------------

DistanceMatrixBenchmark.CpuParallel: Dry(IterationCount=1, LaunchCount=1, RunStrategy=ColdStart, UnrollFactor=1, WarmupCount=1) [PointsCount=100]
Runtime = .NET 10.0.9 (10.0.9, 10.0.926.27113), Arm64 RyuJIT armv8.0-a; GC = Concurrent Workstation
Mean = 631.125 μs, StdErr = 0.000 μs (0.00%), N = 1, StdDev = 0.000 μs
Min = 631.125 μs, Q1 = 631.125 μs, Median = 631.125 μs, Q3 = 631.125 μs, Max = 631.125 μs
IQR = 0.000 μs, LowerFence = 631.125 μs, UpperFence = 631.125 μs
ConfidenceInterval = [NaN μs; NaN μs] (CI 99.9%), Margin = NaN μs (NaN% of Mean)
Skewness = NaN, Kurtosis = NaN, MValue = 2
-------------------- Histogram --------------------
[631.125 μs ; 631.125 μs) | @
---------------------------------------------------

DistanceMatrixBenchmark.Gpu: Dry(IterationCount=1, LaunchCount=1, RunStrategy=ColdStart, UnrollFactor=1, WarmupCount=1) [PointsCount=100]
Runtime = .NET 10.0.9 (10.0.9, 10.0.926.27113), Arm64 RyuJIT armv8.0-a; GC = Concurrent Workstation
Mean = 2.635 ms, StdErr = 0.000 ms (0.00%), N = 1, StdDev = 0.000 ms
Min = 2.635 ms, Q1 = 2.635 ms, Median = 2.635 ms, Q3 = 2.635 ms, Max = 2.635 ms
IQR = 0.000 ms, LowerFence = 2.635 ms, UpperFence = 2.635 ms
ConfidenceInterval = [NaN ms; NaN ms] (CI 99.9%), Margin = NaN ms (NaN% of Mean)
Skewness = NaN, Kurtosis = NaN, MValue = 2
-------------------- Histogram --------------------
[2.635 ms ; 2.635 ms) | @
---------------------------------------------------

DistanceMatrixBenchmark.Ilgpu: Dry(IterationCount=1, LaunchCount=1, RunStrategy=ColdStart, UnrollFactor=1, WarmupCount=1) [PointsCount=100]
Runtime = .NET 10.0.9 (10.0.9, 10.0.926.27113), Arm64 RyuJIT armv8.0-a; GC = Concurrent Workstation
Mean = 7.881 ms, StdErr = 0.000 ms (0.00%), N = 1, StdDev = 0.000 ms
Min = 7.881 ms, Q1 = 7.881 ms, Median = 7.881 ms, Q3 = 7.881 ms, Max = 7.881 ms
IQR = 0.000 ms, LowerFence = 7.881 ms, UpperFence = 7.881 ms
ConfidenceInterval = [NaN ms; NaN ms] (CI 99.9%), Margin = NaN ms (NaN% of Mean)
Skewness = NaN, Kurtosis = NaN, MValue = 2
-------------------- Histogram --------------------
[7.881 ms ; 7.881 ms) | @
---------------------------------------------------

DistanceMatrixBenchmark.CpuSequential: Dry(IterationCount=1, LaunchCount=1, RunStrategy=ColdStart, UnrollFactor=1, WarmupCount=1) [PointsCount=500]
Runtime = .NET 10.0.9 (10.0.9, 10.0.926.27113), Arm64 RyuJIT armv8.0-a; GC = Concurrent Workstation
Mean = 999.000 μs, StdErr = 0.000 μs (0.00%), N = 1, StdDev = 0.000 μs
Min = 999.000 μs, Q1 = 999.000 μs, Median = 999.000 μs, Q3 = 999.000 μs, Max = 999.000 μs
IQR = 0.000 μs, LowerFence = 999.000 μs, UpperFence = 999.000 μs
ConfidenceInterval = [NaN μs; NaN μs] (CI 99.9%), Margin = NaN μs (NaN% of Mean)
Skewness = NaN, Kurtosis = NaN, MValue = 2
-------------------- Histogram --------------------
[999.000 μs ; 999.000 μs) | @
---------------------------------------------------

DistanceMatrixBenchmark.CpuParallel: Dry(IterationCount=1, LaunchCount=1, RunStrategy=ColdStart, UnrollFactor=1, WarmupCount=1) [PointsCount=500]
Runtime = .NET 10.0.9 (10.0.9, 10.0.926.27113), Arm64 RyuJIT armv8.0-a; GC = Concurrent Workstation
Mean = 1.494 ms, StdErr = 0.000 ms (0.00%), N = 1, StdDev = 0.000 ms
Min = 1.494 ms, Q1 = 1.494 ms, Median = 1.494 ms, Q3 = 1.494 ms, Max = 1.494 ms
IQR = 0.000 ms, LowerFence = 1.494 ms, UpperFence = 1.494 ms
ConfidenceInterval = [NaN ms; NaN ms] (CI 99.9%), Margin = NaN ms (NaN% of Mean)
Skewness = NaN, Kurtosis = NaN, MValue = 2
-------------------- Histogram --------------------
[1.494 ms ; 1.494 ms) | @
---------------------------------------------------

DistanceMatrixBenchmark.Gpu: Dry(IterationCount=1, LaunchCount=1, RunStrategy=ColdStart, UnrollFactor=1, WarmupCount=1) [PointsCount=500]
Runtime = .NET 10.0.9 (10.0.9, 10.0.926.27113), Arm64 RyuJIT armv8.0-a; GC = Concurrent Workstation
Mean = 2.757 ms, StdErr = 0.000 ms (0.00%), N = 1, StdDev = 0.000 ms
Min = 2.757 ms, Q1 = 2.757 ms, Median = 2.757 ms, Q3 = 2.757 ms, Max = 2.757 ms
IQR = 0.000 ms, LowerFence = 2.757 ms, UpperFence = 2.757 ms
ConfidenceInterval = [NaN ms; NaN ms] (CI 99.9%), Margin = NaN ms (NaN% of Mean)
Skewness = NaN, Kurtosis = NaN, MValue = 2
-------------------- Histogram --------------------
[2.757 ms ; 2.757 ms) | @
---------------------------------------------------

DistanceMatrixBenchmark.Ilgpu: Dry(IterationCount=1, LaunchCount=1, RunStrategy=ColdStart, UnrollFactor=1, WarmupCount=1) [PointsCount=500]
Runtime = .NET 10.0.9 (10.0.9, 10.0.926.27113), Arm64 RyuJIT armv8.0-a; GC = Concurrent Workstation
Mean = 35.437 ms, StdErr = 0.000 ms (0.00%), N = 1, StdDev = 0.000 ms
Min = 35.437 ms, Q1 = 35.437 ms, Median = 35.437 ms, Q3 = 35.437 ms, Max = 35.437 ms
IQR = 0.000 ms, LowerFence = 35.437 ms, UpperFence = 35.437 ms
ConfidenceInterval = [NaN ms; NaN ms] (CI 99.9%), Margin = NaN ms (NaN% of Mean)
Skewness = NaN, Kurtosis = NaN, MValue = 2
-------------------- Histogram --------------------
[35.437 ms ; 35.437 ms) | @
---------------------------------------------------

DistanceMatrixBenchmark.CpuSequential: Dry(IterationCount=1, LaunchCount=1, RunStrategy=ColdStart, UnrollFactor=1, WarmupCount=1) [PointsCount=1000]
Runtime = .NET 10.0.9 (10.0.9, 10.0.926.27113), Arm64 RyuJIT armv8.0-a; GC = Concurrent Workstation
Mean = 1.583 ms, StdErr = 0.000 ms (0.00%), N = 1, StdDev = 0.000 ms
Min = 1.583 ms, Q1 = 1.583 ms, Median = 1.583 ms, Q3 = 1.583 ms, Max = 1.583 ms
IQR = 0.000 ms, LowerFence = 1.583 ms, UpperFence = 1.583 ms
ConfidenceInterval = [NaN ms; NaN ms] (CI 99.9%), Margin = NaN ms (NaN% of Mean)
Skewness = NaN, Kurtosis = NaN, MValue = 2
-------------------- Histogram --------------------
[1.583 ms ; 1.583 ms) | @
---------------------------------------------------

DistanceMatrixBenchmark.CpuParallel: Dry(IterationCount=1, LaunchCount=1, RunStrategy=ColdStart, UnrollFactor=1, WarmupCount=1) [PointsCount=1000]
Runtime = .NET 10.0.9 (10.0.9, 10.0.926.27113), Arm64 RyuJIT armv8.0-a; GC = Concurrent Workstation
Mean = 2.353 ms, StdErr = 0.000 ms (0.00%), N = 1, StdDev = 0.000 ms
Min = 2.353 ms, Q1 = 2.353 ms, Median = 2.353 ms, Q3 = 2.353 ms, Max = 2.353 ms
IQR = 0.000 ms, LowerFence = 2.353 ms, UpperFence = 2.353 ms
ConfidenceInterval = [NaN ms; NaN ms] (CI 99.9%), Margin = NaN ms (NaN% of Mean)
Skewness = NaN, Kurtosis = NaN, MValue = 2
-------------------- Histogram --------------------
[2.353 ms ; 2.353 ms) | @
---------------------------------------------------

DistanceMatrixBenchmark.Gpu: Dry(IterationCount=1, LaunchCount=1, RunStrategy=ColdStart, UnrollFactor=1, WarmupCount=1) [PointsCount=1000]
Runtime = .NET 10.0.9 (10.0.9, 10.0.926.27113), Arm64 RyuJIT armv8.0-a; GC = Concurrent Workstation
Mean = 5.494 ms, StdErr = 0.000 ms (0.00%), N = 1, StdDev = 0.000 ms
Min = 5.494 ms, Q1 = 5.494 ms, Median = 5.494 ms, Q3 = 5.494 ms, Max = 5.494 ms
IQR = 0.000 ms, LowerFence = 5.494 ms, UpperFence = 5.494 ms
ConfidenceInterval = [NaN ms; NaN ms] (CI 99.9%), Margin = NaN ms (NaN% of Mean)
Skewness = NaN, Kurtosis = NaN, MValue = 2
-------------------- Histogram --------------------
[5.494 ms ; 5.494 ms) | @
---------------------------------------------------

DistanceMatrixBenchmark.Ilgpu: Dry(IterationCount=1, LaunchCount=1, RunStrategy=ColdStart, UnrollFactor=1, WarmupCount=1) [PointsCount=1000]
Runtime = .NET 10.0.9 (10.0.9, 10.0.926.27113), Arm64 RyuJIT armv8.0-a; GC = Concurrent Workstation
Mean = 109.984 ms, StdErr = 0.000 ms (0.00%), N = 1, StdDev = 0.000 ms
Min = 109.984 ms, Q1 = 109.984 ms, Median = 109.984 ms, Q3 = 109.984 ms, Max = 109.984 ms
IQR = 0.000 ms, LowerFence = 109.984 ms, UpperFence = 109.984 ms
ConfidenceInterval = [NaN ms; NaN ms] (CI 99.9%), Margin = NaN ms (NaN% of Mean)
Skewness = NaN, Kurtosis = NaN, MValue = 2
-------------------- Histogram --------------------
[109.984 ms ; 109.984 ms) | @
---------------------------------------------------

// * Summary *

BenchmarkDotNet v0.15.8, macOS Tahoe 26.6.2 (25G83) [Darwin 25.6.0]
Apple M5 Pro, 1 CPU, 18 logical and 18 physical cores
.NET SDK 10.0.301
  [Host] : .NET 10.0.9 (10.0.9, 10.0.926.27113), Arm64 RyuJIT armv8.0-a
  Dry    : .NET 10.0.9 (10.0.9, 10.0.926.27113), Arm64 RyuJIT armv8.0-a

Job=Dry  IterationCount=1  LaunchCount=1  
RunStrategy=ColdStart  UnrollFactor=1  WarmupCount=1  

| Method        | PointsCount | Mean         | Error | Ratio | Rank | Allocated  | Alloc Ratio |
|-------------- |------------ |-------------:|------:|------:|-----:|-----------:|------------:|
| CpuSequential | 100         |     416.7 μs |    NA |  1.00 |    1 |   39.14 KB |        1.00 |
| CpuParallel   | 100         |     631.1 μs |    NA |  1.51 |    2 |   42.37 KB |        1.08 |
| Gpu           | 100         |   2,635.4 μs |    NA |  6.32 |    3 |    39.1 KB |        1.00 |
| Ilgpu         | 100         |   7,880.9 μs |    NA | 18.91 |    4 |   39.86 KB |        1.02 |
|               |             |              |       |       |      |            |             |
| CpuSequential | 500         |     999.0 μs |    NA |  1.00 |    1 |  976.64 KB |        1.00 |
| CpuParallel   | 500         |   1,494.2 μs |    NA |  1.50 |    2 |  980.44 KB |        1.00 |
| Gpu           | 500         |   2,757.1 μs |    NA |  2.76 |    3 |   976.6 KB |        1.00 |
| Ilgpu         | 500         |  35,437.0 μs |    NA | 35.47 |    4 |  977.34 KB |        1.00 |
|               |             |              |       |       |      |            |             |
| CpuSequential | 1000        |   1,583.2 μs |    NA |  1.00 |    1 | 3906.33 KB |        1.00 |
| CpuParallel   | 1000        |   2,353.0 μs |    NA |  1.49 |    2 | 3911.58 KB |        1.00 |
| Gpu           | 1000        |   5,493.9 μs |    NA |  3.47 |    3 | 3906.29 KB |        1.00 |
| Ilgpu         | 1000        | 109,984.1 μs |    NA | 69.47 |    4 | 3907.02 KB |        1.00 |

// * Warnings *
MinIterationTime
  DistanceMatrixBenchmark.CpuSequential: Dry -> The minimum observed iteration time is 416.708μs which is very small. It's recommended to increase it to at least 100ms using more operations.
  DistanceMatrixBenchmark.CpuParallel: Dry   -> The minimum observed iteration time is 631.125μs which is very small. It's recommended to increase it to at least 100ms using more operations.
  DistanceMatrixBenchmark.Gpu: Dry           -> The minimum observed iteration time is 2.635ms which is very small. It's recommended to increase it to at least 100ms using more operations.
  DistanceMatrixBenchmark.Ilgpu: Dry         -> The minimum observed iteration time is 7.881ms which is very small. It's recommended to increase it to at least 100ms using more operations.
  DistanceMatrixBenchmark.CpuSequential: Dry -> The minimum observed iteration time is 999μs which is very small. It's recommended to increase it to at least 100ms using more operations.
  DistanceMatrixBenchmark.CpuParallel: Dry   -> The minimum observed iteration time is 1.494ms which is very small. It's recommended to increase it to at least 100ms using more operations.
  DistanceMatrixBenchmark.Gpu: Dry           -> The minimum observed iteration time is 2.757ms which is very small. It's recommended to increase it to at least 100ms using more operations.
  DistanceMatrixBenchmark.Ilgpu: Dry         -> The minimum observed iteration time is 35.437ms which is very small. It's recommended to increase it to at least 100ms using more operations.
  DistanceMatrixBenchmark.CpuSequential: Dry -> The minimum observed iteration time is 1.583ms which is very small. It's recommended to increase it to at least 100ms using more operations.
  DistanceMatrixBenchmark.CpuParallel: Dry   -> The minimum observed iteration time is 2.353ms which is very small. It's recommended to increase it to at least 100ms using more operations.
  DistanceMatrixBenchmark.Gpu: Dry           -> The minimum observed iteration time is 5.494ms which is very small. It's recommended to increase it to at least 100ms using more operations.

// * Legends *
  PointsCount : Value of the 'PointsCount' parameter
  Mean        : Arithmetic mean of all measurements
  Error       : Half of 99.9% confidence interval
  Ratio       : Mean of the ratio distribution ([Current]/[Baseline])
  Rank        : Relative position of current benchmark mean among all benchmarks (Arabic style)
  Allocated   : Allocated memory per single operation (managed only, inclusive, 1KB = 1024B)
  Alloc Ratio : Allocated memory ratio distribution ([Current]/[Baseline])
  1 μs        : 1 Microsecond (0.000001 sec)

// * Diagnostic Output - MemoryDiagnoser *


// ***** BenchmarkRunner: End *****
Run time: 00:00:02 (2.82 sec), executed benchmarks: 12

Global total time: 00:00:06 (6.85 sec), executed benchmarks: 12
// * Artifacts cleanup *
Artifacts cleanup is finished
